<html>
<body>
<pre>
<h1>µVision Build Log</h1>
<h2>Tool Versions:</h2>
IDE-Version: µVision V5.38.0.0
Copyright (C) 2022 ARM Ltd and ARM Germany GmbH. All rights reserved.
License Information: Alexander Sterzer, Hobbyist, LIC=----
 
Tool Versions:
Toolchain:       MDK-Lite  Version: 5.38.0.0
Toolchain Path:  C:\Keil_v5\ARM\ARMCLANG\Bin
C Compiler:      ArmClang.exe V6.19
Assembler:       Armasm.exe V6.19
Linker/Locator:  ArmLink.exe V6.19
Library Manager: ArmAr.exe V6.19
Hex Converter:   FromElf.exe V6.19
CPU DLL:         SARMCM3.DLL V5.38.0.0
Dialog DLL:      DCM.DLL V1.17.5.0
Target DLL:      STLink\ST-LINKIII-KEIL_SWO.dll V3.1.0.0
Dialog DLL:      TCM.DLL V1.56.4.0
 
<h2>Project:</h2>
C:\Users\alexa\Projects\Plant_Monitor\Plant_Monitor_STM32WB55.uvprojx
Project File Date:  07/09/2023

<h2>Output:</h2>
*** Using Compiler 'V6.19', folder: 'C:\Keil_v5\ARM\ARMCLANG\Bin'
Build target 'Target 1'
bsp.c(4): warning: In file included from...
./bsp.h(19): warning: // comments are not allowed in this language [-Wcomment]
#endif // __BSP_H__
       ^
1 warning generated.
compiling bsp.c...
linking...
Program Size: Code=1292 RO-data=476 RW-data=4 ZI-data=1640  
".\Objects\Plant_Monitor_STM32WB55.axf" - 0 Error(s), 1 Warning(s).

<h2>Software Packages used:</h2>

Package Vendor: ARM
                http://www.keil.com/pack/ARM.CMSIS.5.9.0.pack
                ARM.CMSIS.5.9.0
                CMSIS (Common Microcontroller Software Interface Standard)
   * Component: CORE Version: 5.6.0

Package Vendor: Keil
                https://www.keil.com/pack/Keil.STM32WBxx_DFP.1.3.0.pack
                Keil.STM32WBxx_DFP.1.3.0
                STMicroelectronics STM32WB Series Device Support
   * Component: Startup Version: 1.0.0

<h2>Collection of Component include folders:</h2>
  ./RTE/_Target_1
  C:/Users/alexa/AppData/Local/Arm/Packs/ARM/CMSIS/5.9.0/CMSIS/Core/Include
  C:/Users/alexa/AppData/Local/Arm/Packs/Keil/STM32WBxx_DFP/1.3.0/Drivers/CMSIS/Device/ST/STM32WBxx/Include

<h2>Collection of Component Files used:</h2>

   * Component: ARM::CMSIS:CORE:5.6.0

   * Component: Keil::Device:Startup:1.0.0
      Source file:   MDK/Device/Source/ARM/STM32WB55x_35x_M4_OPT.s
      Include file:  Drivers/CMSIS/Device/ST/STM32WBxx/Include/stm32wbxx.h
      Source file:   Drivers/CMSIS/Device/ST/STM32WBxx/Source/Templates/arm/startup_stm32wb55xx_cm4.s
      Source file:   Drivers/CMSIS/Device/ST/STM32WBxx/Source/Templates/system_stm32wbxx.c
Build Time Elapsed:  00:00:00
</pre>
</body>
</html>
