../Drivers/STM32WBxx_HAL_Driver/Inc/stm32wbxx_ll_rcc.h:1679:22:LL_RCC_LSE_SetDriveCapability	16	static
../Drivers/STM32WBxx_HAL_Driver/Inc/stm32wbxx_ll_bus.h:539:22:LL_AHB2_GRP1_EnableClock	24	static
../Core/Src/main.c:83:5:main	8	static
../Core/Src/main.c:147:6:SystemClock_Config	112	static
../Core/Src/main.c:211:6:PeriphCommonClock_Config	88	static
../Core/Src/main.c:236:13:MX_ADC1_Init	32	static
../Core/Src/main.c:294:13:MX_IPCC_Init	8	static
../Core/Src/main.c:320:13:MX_MEMORYMAP_Init	4	static
../Core/Src/main.c:341:13:MX_RF_Init	4	static
../Core/Src/main.c:362:13:MX_RTC_Init	8	static
../Core/Src/main.c:405:13:MX_TIM16_Init	8	static
../Core/Src/main.c:437:13:MX_USART1_UART_Init	8	static
../Core/Src/main.c:485:13:MX_GPIO_Init	32	static
../Core/Src/main.c:534:6:HAL_TIM_PeriodElapsedCallback	16	static
../Core/Src/main.c:558:6:Error_Handler	4	static,ignoring_inline_asm
