C:/Users/alexa/Documents/STM32/NUCLEO-WB55RG/en.stm32cubewb-v1-16-0/STM32Cube_FW_WB_V1.16.0/Drivers/CMSIS/Include/core_cm4.h:2059:26:ITM_SendChar	16	static,ignoring_inline_asm
C:/Users/alexa/Documents/STM32/NUCLEO-WB55RG/en.stm32cubewb-v1-16-0/STM32Cube_FW_WB_V1.16.0/Drivers/STM32WBxx_HAL_Driver/Inc/stm32wbxx_ll_rcc.h:1679:22:LL_RCC_LSE_SetDriveCapability	16	static
C:/Users/alexa/Documents/STM32/NUCLEO-WB55RG/en.stm32cubewb-v1-16-0/STM32Cube_FW_WB_V1.16.0/Drivers/STM32WBxx_HAL_Driver/Inc/stm32wbxx_ll_bus.h:364:22:LL_AHB1_GRP1_EnableClock	24	static
C:/Users/alexa/Documents/STM32/NUCLEO-WB55RG/en.stm32cubewb-v1-16-0/STM32Cube_FW_WB_V1.16.0/Drivers/STM32WBxx_HAL_Driver/Inc/stm32wbxx_ll_bus.h:539:22:LL_AHB2_GRP1_EnableClock	24	static
C:/Users/alexa/Projects/Plant_Monitor/Software/STM32WB55RG/BLE_PlantMonitor/Core/Src/main.c:107:5:main	8	static
C:/Users/alexa/Projects/Plant_Monitor/Software/STM32WB55RG/BLE_PlantMonitor/Core/Src/main.c:176:6:SystemClock_Config	112	static
C:/Users/alexa/Projects/Plant_Monitor/Software/STM32WB55RG/BLE_PlantMonitor/Core/Src/main.c:236:6:PeriphCommonClock_Config	88	static
C:/Users/alexa/Projects/Plant_Monitor/Software/STM32WB55RG/BLE_PlantMonitor/Core/Src/main.c:261:13:MX_ADC1_Init	32	static
C:/Users/alexa/Projects/Plant_Monitor/Software/STM32WB55RG/BLE_PlantMonitor/Core/Src/main.c:319:13:MX_IPCC_Init	8	static
C:/Users/alexa/Projects/Plant_Monitor/Software/STM32WB55RG/BLE_PlantMonitor/Core/Src/main.c:345:6:MX_LPUART1_UART_Init	8	static
C:/Users/alexa/Projects/Plant_Monitor/Software/STM32WB55RG/BLE_PlantMonitor/Core/Src/main.c:393:6:MX_USART1_UART_Init	8	static
C:/Users/alexa/Projects/Plant_Monitor/Software/STM32WB55RG/BLE_PlantMonitor/Core/Src/main.c:441:13:MX_RF_Init	4	static
C:/Users/alexa/Projects/Plant_Monitor/Software/STM32WB55RG/BLE_PlantMonitor/Core/Src/main.c:462:13:MX_RNG_Init	8	static
C:/Users/alexa/Projects/Plant_Monitor/Software/STM32WB55RG/BLE_PlantMonitor/Core/Src/main.c:489:13:MX_RTC_Init	8	static
C:/Users/alexa/Projects/Plant_Monitor/Software/STM32WB55RG/BLE_PlantMonitor/Core/Src/main.c:530:13:MX_DMA_Init	8	static
C:/Users/alexa/Projects/Plant_Monitor/Software/STM32WB55RG/BLE_PlantMonitor/Core/Src/main.c:553:13:MX_GPIO_Init	8	static
C:/Users/alexa/Projects/Plant_Monitor/Software/STM32WB55RG/BLE_PlantMonitor/Core/Src/main.c:575:6:Error_Handler	4	static
C:/Users/alexa/Projects/Plant_Monitor/Software/STM32WB55RG/BLE_PlantMonitor/Core/Src/main.c:600:5:_write	32	static
