C:/Users/alexa/Documents/STM32/NUCLEO-WB55RG/en.stm32cubewb-v1-16-0/STM32Cube_FW_WB_V1.16.0/Drivers/STM32WBxx_HAL_Driver/Inc/stm32wbxx_ll_rcc.h:1679:22:LL_RCC_LSE_SetDriveCapability	16	static
C:/Users/alexa/Documents/STM32/NUCLEO-WB55RG/en.stm32cubewb-v1-16-0/STM32Cube_FW_WB_V1.16.0/Drivers/STM32WBxx_HAL_Driver/Inc/stm32wbxx_ll_bus.h:364:22:LL_AHB1_GRP1_EnableClock	24	static
C:/Users/alexa/Documents/STM32/NUCLEO-WB55RG/en.stm32cubewb-v1-16-0/STM32Cube_FW_WB_V1.16.0/Drivers/STM32WBxx_HAL_Driver/Inc/stm32wbxx_ll_bus.h:539:22:LL_AHB2_GRP1_EnableClock	24	static
C:/Users/alexa/Projects/Plant_Monitor/Software/STM32WB55RG/BLE_PlantMonitor/Core/Src/main.c:104:5:main	8	static
C:/Users/alexa/Projects/Plant_Monitor/Software/STM32WB55RG/BLE_PlantMonitor/Core/Src/main.c:164:6:SystemClock_Config	112	static
C:/Users/alexa/Projects/Plant_Monitor/Software/STM32WB55RG/BLE_PlantMonitor/Core/Src/main.c:224:6:PeriphCommonClock_Config	88	static
C:/Users/alexa/Projects/Plant_Monitor/Software/STM32WB55RG/BLE_PlantMonitor/Core/Src/main.c:249:13:MX_ADC1_Init	32	static
C:/Users/alexa/Projects/Plant_Monitor/Software/STM32WB55RG/BLE_PlantMonitor/Core/Src/main.c:307:13:MX_IPCC_Init	8	static
C:/Users/alexa/Projects/Plant_Monitor/Software/STM32WB55RG/BLE_PlantMonitor/Core/Src/main.c:333:6:MX_LPUART1_UART_Init	8	static
C:/Users/alexa/Projects/Plant_Monitor/Software/STM32WB55RG/BLE_PlantMonitor/Core/Src/main.c:381:6:MX_USART1_UART_Init	8	static
C:/Users/alexa/Projects/Plant_Monitor/Software/STM32WB55RG/BLE_PlantMonitor/Core/Src/main.c:429:13:MX_RF_Init	4	static
C:/Users/alexa/Projects/Plant_Monitor/Software/STM32WB55RG/BLE_PlantMonitor/Core/Src/main.c:450:13:MX_RNG_Init	8	static
C:/Users/alexa/Projects/Plant_Monitor/Software/STM32WB55RG/BLE_PlantMonitor/Core/Src/main.c:477:13:MX_RTC_Init	8	static
C:/Users/alexa/Projects/Plant_Monitor/Software/STM32WB55RG/BLE_PlantMonitor/Core/Src/main.c:518:13:MX_DMA_Init	8	static
C:/Users/alexa/Projects/Plant_Monitor/Software/STM32WB55RG/BLE_PlantMonitor/Core/Src/main.c:541:13:MX_GPIO_Init	8	static
C:/Users/alexa/Projects/Plant_Monitor/Software/STM32WB55RG/BLE_PlantMonitor/Core/Src/main.c:563:6:Error_Handler	4	static
