C:/Users/alexa/Documents/STM32/NUCLEO-WB55RG/en.stm32cubewb-v1-16-0/STM32Cube_FW_WB_V1.16.0/Drivers/STM32WBxx_HAL_Driver/Inc/stm32wbxx_ll_rcc.h:2883:22:LL_RCC_EnableRTC	4	static
C:/Users/alexa/Documents/STM32/NUCLEO-WB55RG/en.stm32cubewb-v1-16-0/STM32Cube_FW_WB_V1.16.0/Drivers/STM32WBxx_HAL_Driver/Inc/stm32wbxx_ll_rcc.h:2893:22:LL_RCC_DisableRTC	4	static
C:/Users/alexa/Documents/STM32/NUCLEO-WB55RG/en.stm32cubewb-v1-16-0/STM32Cube_FW_WB_V1.16.0/Drivers/STM32WBxx_HAL_Driver/Inc/stm32wbxx_ll_bus.h:539:22:LL_AHB2_GRP1_EnableClock	24	static
C:/Users/alexa/Documents/STM32/NUCLEO-WB55RG/en.stm32cubewb-v1-16-0/STM32Cube_FW_WB_V1.16.0/Drivers/STM32WBxx_HAL_Driver/Inc/stm32wbxx_ll_bus.h:597:22:LL_AHB2_GRP1_DisableClock	16	static
C:/Users/alexa/Documents/STM32/NUCLEO-WB55RG/en.stm32cubewb-v1-16-0/STM32Cube_FW_WB_V1.16.0/Drivers/STM32WBxx_HAL_Driver/Inc/stm32wbxx_ll_bus.h:744:22:LL_AHB3_GRP1_EnableClock	24	static
C:/Users/alexa/Documents/STM32/NUCLEO-WB55RG/en.stm32cubewb-v1-16-0/STM32Cube_FW_WB_V1.16.0/Drivers/STM32WBxx_HAL_Driver/Inc/stm32wbxx_ll_bus.h:798:22:LL_AHB3_GRP1_DisableClock	16	static
C:/Users/alexa/Documents/STM32/NUCLEO-WB55RG/en.stm32cubewb-v1-16-0/STM32Cube_FW_WB_V1.16.0/Drivers/STM32WBxx_HAL_Driver/Inc/stm32wbxx_ll_bus.h:939:22:LL_APB1_GRP1_EnableClock	24	static
C:/Users/alexa/Documents/STM32/NUCLEO-WB55RG/en.stm32cubewb-v1-16-0/STM32Cube_FW_WB_V1.16.0/Drivers/STM32WBxx_HAL_Driver/Inc/stm32wbxx_ll_bus.h:958:22:LL_APB1_GRP2_EnableClock	24	static
C:/Users/alexa/Documents/STM32/NUCLEO-WB55RG/en.stm32cubewb-v1-16-0/STM32Cube_FW_WB_V1.16.0/Drivers/STM32WBxx_HAL_Driver/Inc/stm32wbxx_ll_bus.h:1038:22:LL_APB1_GRP1_DisableClock	16	static
C:/Users/alexa/Documents/STM32/NUCLEO-WB55RG/en.stm32cubewb-v1-16-0/STM32Cube_FW_WB_V1.16.0/Drivers/STM32WBxx_HAL_Driver/Inc/stm32wbxx_ll_bus.h:1053:22:LL_APB1_GRP2_DisableClock	16	static
C:/Users/alexa/Documents/STM32/NUCLEO-WB55RG/en.stm32cubewb-v1-16-0/STM32Cube_FW_WB_V1.16.0/Drivers/STM32WBxx_HAL_Driver/Inc/stm32wbxx_ll_bus.h:1274:22:LL_APB2_GRP1_EnableClock	24	static
C:/Users/alexa/Documents/STM32/NUCLEO-WB55RG/en.stm32cubewb-v1-16-0/STM32Cube_FW_WB_V1.16.0/Drivers/STM32WBxx_HAL_Driver/Inc/stm32wbxx_ll_bus.h:1328:22:LL_APB2_GRP1_DisableClock	16	static
C:/Users/alexa/Projects/Plant_Monitor/Software/STM32WB55RG/BLE_PlantMonitor/Core/Src/stm32wbxx_hal_msp.c:66:6:HAL_MspInit	8	static
C:/Users/alexa/Projects/Plant_Monitor/Software/STM32WB55RG/BLE_PlantMonitor/Core/Src/stm32wbxx_hal_msp.c:92:6:HAL_ADC_MspInit	120	static
C:/Users/alexa/Projects/Plant_Monitor/Software/STM32WB55RG/BLE_PlantMonitor/Core/Src/stm32wbxx_hal_msp.c:141:6:HAL_ADC_MspDeInit	16	static
C:/Users/alexa/Projects/Plant_Monitor/Software/STM32WB55RG/BLE_PlantMonitor/Core/Src/stm32wbxx_hal_msp.c:169:6:HAL_IPCC_MspInit	16	static
C:/Users/alexa/Projects/Plant_Monitor/Software/STM32WB55RG/BLE_PlantMonitor/Core/Src/stm32wbxx_hal_msp.c:196:6:HAL_IPCC_MspDeInit	16	static
C:/Users/alexa/Projects/Plant_Monitor/Software/STM32WB55RG/BLE_PlantMonitor/Core/Src/stm32wbxx_hal_msp.c:222:6:HAL_UART_MspInit	136	static
C:/Users/alexa/Projects/Plant_Monitor/Software/STM32WB55RG/BLE_PlantMonitor/Core/Src/stm32wbxx_hal_msp.c:356:6:HAL_UART_MspDeInit	16	static
C:/Users/alexa/Projects/Plant_Monitor/Software/STM32WB55RG/BLE_PlantMonitor/Core/Src/stm32wbxx_hal_msp.c:413:6:HAL_RNG_MspInit	96	static
C:/Users/alexa/Projects/Plant_Monitor/Software/STM32WB55RG/BLE_PlantMonitor/Core/Src/stm32wbxx_hal_msp.c:446:6:HAL_RNG_MspDeInit	16	static
C:/Users/alexa/Projects/Plant_Monitor/Software/STM32WB55RG/BLE_PlantMonitor/Core/Src/stm32wbxx_hal_msp.c:468:6:HAL_RTC_MspInit	96	static
C:/Users/alexa/Projects/Plant_Monitor/Software/STM32WB55RG/BLE_PlantMonitor/Core/Src/stm32wbxx_hal_msp.c:505:6:HAL_RTC_MspDeInit	16	static
