../Middlewares/STM32_WPAN/svc_ctl.c:63:13:BAS_Init	4	static
../Middlewares/STM32_WPAN/svc_ctl.c:68:13:BLS_Init	4	static
../Middlewares/STM32_WPAN/svc_ctl.c:72:13:CRS_STM_Init	4	static
../Middlewares/STM32_WPAN/svc_ctl.c:76:13:DIS_Init	4	static
../Middlewares/STM32_WPAN/svc_ctl.c:80:13:EDS_STM_Init	4	static
../Middlewares/STM32_WPAN/svc_ctl.c:84:13:HIDS_Init	4	static
../Middlewares/STM32_WPAN/svc_ctl.c:88:13:HRS_Init	4	static
../Middlewares/STM32_WPAN/svc_ctl.c:92:13:HSS_Init	4	static
../Middlewares/STM32_WPAN/svc_ctl.c:96:13:HTS_Init	4	static
../Middlewares/STM32_WPAN/svc_ctl.c:100:13:IAS_Init	4	static
../Middlewares/STM32_WPAN/svc_ctl.c:104:13:LLS_Init	4	static
../Middlewares/STM32_WPAN/svc_ctl.c:108:13:TPS_Init	4	static
../Middlewares/STM32_WPAN/svc_ctl.c:112:13:MOTENV_STM_Init	4	static
../Middlewares/STM32_WPAN/svc_ctl.c:116:13:P2PS_STM_Init	4	static
../Middlewares/STM32_WPAN/svc_ctl.c:120:13:ZDD_STM_Init	4	static
../Middlewares/STM32_WPAN/svc_ctl.c:124:13:OTAS_STM_Init	4	static
../Middlewares/STM32_WPAN/svc_ctl.c:128:13:MESH_Init	4	static
../Middlewares/STM32_WPAN/svc_ctl.c:132:13:BVOPUS_STM_Init	4	static
../Middlewares/STM32_WPAN/svc_ctl.c:136:13:SVCCTL_InitCustomSvc	4	static
../Middlewares/STM32_WPAN/svc_ctl.c:143:6:SVCCTL_Init	8	static
../Middlewares/STM32_WPAN/svc_ctl.c:160:13:SVCCTL_SvcInit	8	static
../Middlewares/STM32_WPAN/svc_ctl.c:208:6:SVCCTL_RegisterSvcHandler	16	static
../Middlewares/STM32_WPAN/svc_ctl.c:225:6:SVCCTL_RegisterCltHandler	16	static
../Middlewares/STM32_WPAN/svc_ctl.c:237:35:SVCCTL_UserEvtRx	32	static
