12:02:53 **** Incremental Build of configuration Debug for project BLE_HeartRate ****
make -j12 all 
arm-none-eabi-gcc "C:/Users/alexa/STM32Cube/Repository/STM32Cube_FW_WB_V1.17.0/Middlewares/ST/STM32_WPAN/utilities/dbg_trace.c" -mcpu=cortex-m4 -std=gnu11 -g3 -DUSE_HAL_DRIVER -DUSE_STM32WBXX_NUCLEO -DDEBUG -DSTM32WB55xx -c -I../../Core/Inc -I../../../../../../../Utilities/lpm/tiny_lpm -I../../../../../../../Middlewares/ST/STM32_WPAN/interface/patterns/ble_thread/shci -I../../../../../../../Utilities/sequencer -I../../../../../../../Drivers/CMSIS/Device/ST/STM32WBxx/Include -I../../../../../../../Middlewares/ST/STM32_WPAN/interface/patterns/ble_thread -I../../../../../../../Middlewares/ST/STM32_WPAN/interface/patterns/ble_thread/tl -I../../STM32_WPAN/App -I../../../../../../../Middlewares/ST/STM32_WPAN/ble/core -I../../../../../../../Middlewares/ST/STM32_WPAN -I../../../../../../../Middlewares/ST/STM32_WPAN/ble/core/template -I../../../../../../../Drivers/BSP/P-NUCLEO-WB55.Nucleo -I../../../../../../../Drivers/STM32WBxx_HAL_Driver/Inc/Legacy -I../../../../../../../Drivers/STM32WBxx_HAL_Driver/Inc -I../../../../../../../Middlewares/ST/STM32_WPAN/utilities -I../../../../../../../Middlewares/ST/STM32_WPAN/ble -I../../../../../../../Drivers/CMSIS/Include -O0 -ffunction-sections -fdata-sections -Wall -fstack-usage -fcyclomatic-complexity -MMD -MP -MF"Middlewares/STM32_WPAN/dbg_trace.d" -MT"Middlewares/STM32_WPAN/dbg_trace.o" --specs=nano.specs -mfpu=fpv4-sp-d16 -mfloat-abi=hard -mthumb -o "Middlewares/STM32_WPAN/dbg_trace.o"
arm-none-eabi-gcc "C:/Users/alexa/STM32Cube/Repository/STM32Cube_FW_WB_V1.17.0/Middlewares/ST/STM32_WPAN/ble/svc/Src/dis.c" -mcpu=cortex-m4 -std=gnu11 -g3 -DUSE_HAL_DRIVER -DUSE_STM32WBXX_NUCLEO -DDEBUG -DSTM32WB55xx -c -I../../Core/Inc -I../../../../../../../Utilities/lpm/tiny_lpm -I../../../../../../../Middlewares/ST/STM32_WPAN/interface/patterns/ble_thread/shci -I../../../../../../../Utilities/sequencer -I../../../../../../../Drivers/CMSIS/Device/ST/STM32WBxx/Include -I../../../../../../../Middlewares/ST/STM32_WPAN/interface/patterns/ble_thread -I../../../../../../../Middlewares/ST/STM32_WPAN/interface/patterns/ble_thread/tl -I../../STM32_WPAN/App -I../../../../../../../Middlewares/ST/STM32_WPAN/ble/core -I../../../../../../../Middlewares/ST/STM32_WPAN -I../../../../../../../Middlewares/ST/STM32_WPAN/ble/core/template -I../../../../../../../Drivers/BSP/P-NUCLEO-WB55.Nucleo -I../../../../../../../Drivers/STM32WBxx_HAL_Driver/Inc/Legacy -I../../../../../../../Drivers/STM32WBxx_HAL_Driver/Inc -I../../../../../../../Middlewares/ST/STM32_WPAN/utilities -I../../../../../../../Middlewares/ST/STM32_WPAN/ble -I../../../../../../../Drivers/CMSIS/Include -O0 -ffunction-sections -fdata-sections -Wall -fstack-usage -fcyclomatic-complexity -MMD -MP -MF"Middlewares/STM32_WPAN/dis.d" -MT"Middlewares/STM32_WPAN/dis.o" --specs=nano.specs -mfpu=fpv4-sp-d16 -mfloat-abi=hard -mthumb -o "Middlewares/STM32_WPAN/dis.o"
arm-none-eabi-gcc "C:/Users/alexa/STM32Cube/Repository/STM32Cube_FW_WB_V1.17.0/Middlewares/ST/STM32_WPAN/interface/patterns/ble_thread/tl/hci_tl.c" -mcpu=cortex-m4 -std=gnu11 -g3 -DUSE_HAL_DRIVER -DUSE_STM32WBXX_NUCLEO -DDEBUG -DSTM32WB55xx -c -I../../Core/Inc -I../../../../../../../Utilities/lpm/tiny_lpm -I../../../../../../../Middlewares/ST/STM32_WPAN/interface/patterns/ble_thread/shci -I../../../../../../../Utilities/sequencer -I../../../../../../../Drivers/CMSIS/Device/ST/STM32WBxx/Include -I../../../../../../../Middlewares/ST/STM32_WPAN/interface/patterns/ble_thread -I../../../../../../../Middlewares/ST/STM32_WPAN/interface/patterns/ble_thread/tl -I../../STM32_WPAN/App -I../../../../../../../Middlewares/ST/STM32_WPAN/ble/core -I../../../../../../../Middlewares/ST/STM32_WPAN -I../../../../../../../Middlewares/ST/STM32_WPAN/ble/core/template -I../../../../../../../Drivers/BSP/P-NUCLEO-WB55.Nucleo -I../../../../../../../Drivers/STM32WBxx_HAL_Driver/Inc/Legacy -I../../../../../../../Drivers/STM32WBxx_HAL_Driver/Inc -I../../../../../../../Middlewares/ST/STM32_WPAN/utilities -I../../../../../../../Middlewares/ST/STM32_WPAN/ble -I../../../../../../../Drivers/CMSIS/Include -O0 -ffunction-sections -fdata-sections -Wall -fstack-usage -fcyclomatic-complexity -MMD -MP -MF"Middlewares/STM32_WPAN/hci_tl.d" -MT"Middlewares/STM32_WPAN/hci_tl.o" --specs=nano.specs -mfpu=fpv4-sp-d16 -mfloat-abi=hard -mthumb -o "Middlewares/STM32_WPAN/hci_tl.o"
arm-none-eabi-gcc "C:/Users/alexa/STM32Cube/Repository/STM32Cube_FW_WB_V1.17.0/Middlewares/ST/STM32_WPAN/ble/svc/Src/hrs.c" -mcpu=cortex-m4 -std=gnu11 -g3 -DUSE_HAL_DRIVER -DUSE_STM32WBXX_NUCLEO -DDEBUG -DSTM32WB55xx -c -I../../Core/Inc -I../../../../../../../Utilities/lpm/tiny_lpm -I../../../../../../../Middlewares/ST/STM32_WPAN/interface/patterns/ble_thread/shci -I../../../../../../../Utilities/sequencer -I../../../../../../../Drivers/CMSIS/Device/ST/STM32WBxx/Include -I../../../../../../../Middlewares/ST/STM32_WPAN/interface/patterns/ble_thread -I../../../../../../../Middlewares/ST/STM32_WPAN/interface/patterns/ble_thread/tl -I../../STM32_WPAN/App -I../../../../../../../Middlewares/ST/STM32_WPAN/ble/core -I../../../../../../../Middlewares/ST/STM32_WPAN -I../../../../../../../Middlewares/ST/STM32_WPAN/ble/core/template -I../../../../../../../Drivers/BSP/P-NUCLEO-WB55.Nucleo -I../../../../../../../Drivers/STM32WBxx_HAL_Driver/Inc/Legacy -I../../../../../../../Drivers/STM32WBxx_HAL_Driver/Inc -I../../../../../../../Middlewares/ST/STM32_WPAN/utilities -I../../../../../../../Middlewares/ST/STM32_WPAN/ble -I../../../../../../../Drivers/CMSIS/Include -O0 -ffunction-sections -fdata-sections -Wall -fstack-usage -fcyclomatic-complexity -MMD -MP -MF"Middlewares/STM32_WPAN/hrs.d" -MT"Middlewares/STM32_WPAN/hrs.o" --specs=nano.specs -mfpu=fpv4-sp-d16 -mfloat-abi=hard -mthumb -o "Middlewares/STM32_WPAN/hrs.o"
arm-none-eabi-gcc "C:/Users/alexa/STM32Cube/Repository/STM32Cube_FW_WB_V1.17.0/Middlewares/ST/STM32_WPAN/utilities/otp.c" -mcpu=cortex-m4 -std=gnu11 -g3 -DUSE_HAL_DRIVER -DUSE_STM32WBXX_NUCLEO -DDEBUG -DSTM32WB55xx -c -I../../Core/Inc -I../../../../../../../Utilities/lpm/tiny_lpm -I../../../../../../../Middlewares/ST/STM32_WPAN/interface/patterns/ble_thread/shci -I../../../../../../../Utilities/sequencer -I../../../../../../../Drivers/CMSIS/Device/ST/STM32WBxx/Include -I../../../../../../../Middlewares/ST/STM32_WPAN/interface/patterns/ble_thread -I../../../../../../../Middlewares/ST/STM32_WPAN/interface/patterns/ble_thread/tl -I../../STM32_WPAN/App -I../../../../../../../Middlewares/ST/STM32_WPAN/ble/core -I../../../../../../../Middlewares/ST/STM32_WPAN -I../../../../../../../Middlewares/ST/STM32_WPAN/ble/core/template -I../../../../../../../Drivers/BSP/P-NUCLEO-WB55.Nucleo -I../../../../../../../Drivers/STM32WBxx_HAL_Driver/Inc/Legacy -I../../../../../../../Drivers/STM32WBxx_HAL_Driver/Inc -I../../../../../../../Middlewares/ST/STM32_WPAN/utilities -I../../../../../../../Middlewares/ST/STM32_WPAN/ble -I../../../../../../../Drivers/CMSIS/Include -O0 -ffunction-sections -fdata-sections -Wall -fstack-usage -fcyclomatic-complexity -MMD -MP -MF"Middlewares/STM32_WPAN/otp.d" -MT"Middlewares/STM32_WPAN/otp.o" --specs=nano.specs -mfpu=fpv4-sp-d16 -mfloat-abi=hard -mthumb -o "Middlewares/STM32_WPAN/otp.o"
arm-none-eabi-gcc "C:/Users/alexa/STM32Cube/Repository/STM32Cube_FW_WB_V1.17.0/Middlewares/ST/STM32_WPAN/utilities/stm_list.c" -mcpu=cortex-m4 -std=gnu11 -g3 -DUSE_HAL_DRIVER -DUSE_STM32WBXX_NUCLEO -DDEBUG -DSTM32WB55xx -c -I../../Core/Inc -I../../../../../../../Utilities/lpm/tiny_lpm -I../../../../../../../Middlewares/ST/STM32_WPAN/interface/patterns/ble_thread/shci -I../../../../../../../Utilities/sequencer -I../../../../../../../Drivers/CMSIS/Device/ST/STM32WBxx/Include -I../../../../../../../Middlewares/ST/STM32_WPAN/interface/patterns/ble_thread -I../../../../../../../Middlewares/ST/STM32_WPAN/interface/patterns/ble_thread/tl -I../../STM32_WPAN/App -I../../../../../../../Middlewares/ST/STM32_WPAN/ble/core -I../../../../../../../Middlewares/ST/STM32_WPAN -I../../../../../../../Middlewares/ST/STM32_WPAN/ble/core/template -I../../../../../../../Drivers/BSP/P-NUCLEO-WB55.Nucleo -I../../../../../../../Drivers/STM32WBxx_HAL_Driver/Inc/Legacy -I../../../../../../../Drivers/STM32WBxx_HAL_Driver/Inc -I../../../../../../../Middlewares/ST/STM32_WPAN/utilities -I../../../../../../../Middlewares/ST/STM32_WPAN/ble -I../../../../../../../Drivers/CMSIS/Include -O0 -ffunction-sections -fdata-sections -Wall -fstack-usage -fcyclomatic-complexity -MMD -MP -MF"Middlewares/STM32_WPAN/stm_list.d" -MT"Middlewares/STM32_WPAN/stm_list.o" --specs=nano.specs -mfpu=fpv4-sp-d16 -mfloat-abi=hard -mthumb -o "Middlewares/STM32_WPAN/stm_list.o"
arm-none-eabi-gcc "C:/Users/alexa/STM32Cube/Repository/STM32Cube_FW_WB_V1.17.0/Middlewares/ST/STM32_WPAN/utilities/stm_queue.c" -mcpu=cortex-m4 -std=gnu11 -g3 -DUSE_HAL_DRIVER -DUSE_STM32WBXX_NUCLEO -DDEBUG -DSTM32WB55xx -c -I../../Core/Inc -I../../../../../../../Utilities/lpm/tiny_lpm -I../../../../../../../Middlewares/ST/STM32_WPAN/interface/patterns/ble_thread/shci -I../../../../../../../Utilities/sequencer -I../../../../../../../Drivers/CMSIS/Device/ST/STM32WBxx/Include -I../../../../../../../Middlewares/ST/STM32_WPAN/interface/patterns/ble_thread -I../../../../../../../Middlewares/ST/STM32_WPAN/interface/patterns/ble_thread/tl -I../../STM32_WPAN/App -I../../../../../../../Middlewares/ST/STM32_WPAN/ble/core -I../../../../../../../Middlewares/ST/STM32_WPAN -I../../../../../../../Middlewares/ST/STM32_WPAN/ble/core/template -I../../../../../../../Drivers/BSP/P-NUCLEO-WB55.Nucleo -I../../../../../../../Drivers/STM32WBxx_HAL_Driver/Inc/Legacy -I../../../../../../../Drivers/STM32WBxx_HAL_Driver/Inc -I../../../../../../../Middlewares/ST/STM32_WPAN/utilities -I../../../../../../../Middlewares/ST/STM32_WPAN/ble -I../../../../../../../Drivers/CMSIS/Include -O0 -ffunction-sections -fdata-sections -Wall -fstack-usage -fcyclomatic-complexity -MMD -MP -MF"Middlewares/STM32_WPAN/stm_queue.d" -MT"Middlewares/STM32_WPAN/stm_queue.o" --specs=nano.specs -mfpu=fpv4-sp-d16 -mfloat-abi=hard -mthumb -o "Middlewares/STM32_WPAN/stm_queue.o"
arm-none-eabi-gcc "C:/Users/alexa/STM32Cube/Repository/STM32Cube_FW_WB_V1.17.0/Middlewares/ST/STM32_WPAN/ble/svc/Src/svc_ctl.c" -mcpu=cortex-m4 -std=gnu11 -g3 -DUSE_HAL_DRIVER -DUSE_STM32WBXX_NUCLEO -DDEBUG -DSTM32WB55xx -c -I../../Core/Inc -I../../../../../../../Utilities/lpm/tiny_lpm -I../../../../../../../Middlewares/ST/STM32_WPAN/interface/patterns/ble_thread/shci -I../../../../../../../Utilities/sequencer -I../../../../../../../Drivers/CMSIS/Device/ST/STM32WBxx/Include -I../../../../../../../Middlewares/ST/STM32_WPAN/interface/patterns/ble_thread -I../../../../../../../Middlewares/ST/STM32_WPAN/interface/patterns/ble_thread/tl -I../../STM32_WPAN/App -I../../../../../../../Middlewares/ST/STM32_WPAN/ble/core -I../../../../../../../Middlewares/ST/STM32_WPAN -I../../../../../../../Middlewares/ST/STM32_WPAN/ble/core/template -I../../../../../../../Drivers/BSP/P-NUCLEO-WB55.Nucleo -I../../../../../../../Drivers/STM32WBxx_HAL_Driver/Inc/Legacy -I../../../../../../../Drivers/STM32WBxx_HAL_Driver/Inc -I../../../../../../../Middlewares/ST/STM32_WPAN/utilities -I../../../../../../../Middlewares/ST/STM32_WPAN/ble -I../../../../../../../Drivers/CMSIS/Include -O0 -ffunction-sections -fdata-sections -Wall -fstack-usage -fcyclomatic-complexity -MMD -MP -MF"Middlewares/STM32_WPAN/svc_ctl.d" -MT"Middlewares/STM32_WPAN/svc_ctl.o" --specs=nano.specs -mfpu=fpv4-sp-d16 -mfloat-abi=hard -mthumb -o "Middlewares/STM32_WPAN/svc_ctl.o"
arm-none-eabi-gcc "C:/Users/alexa/STM32Cube/Repository/STM32Cube_FW_WB_V1.17.0/Middlewares/ST/STM32_WPAN/interface/patterns/ble_thread/tl/tl_mbox.c" -mcpu=cortex-m4 -std=gnu11 -g3 -DUSE_HAL_DRIVER -DUSE_STM32WBXX_NUCLEO -DDEBUG -DSTM32WB55xx -c -I../../Core/Inc -I../../../../../../../Utilities/lpm/tiny_lpm -I../../../../../../../Middlewares/ST/STM32_WPAN/interface/patterns/ble_thread/shci -I../../../../../../../Utilities/sequencer -I../../../../../../../Drivers/CMSIS/Device/ST/STM32WBxx/Include -I../../../../../../../Middlewares/ST/STM32_WPAN/interface/patterns/ble_thread -I../../../../../../../Middlewares/ST/STM32_WPAN/interface/patterns/ble_thread/tl -I../../STM32_WPAN/App -I../../../../../../../Middlewares/ST/STM32_WPAN/ble/core -I../../../../../../../Middlewares/ST/STM32_WPAN -I../../../../../../../Middlewares/ST/STM32_WPAN/ble/core/template -I../../../../../../../Drivers/BSP/P-NUCLEO-WB55.Nucleo -I../../../../../../../Drivers/STM32WBxx_HAL_Driver/Inc/Legacy -I../../../../../../../Drivers/STM32WBxx_HAL_Driver/Inc -I../../../../../../../Middlewares/ST/STM32_WPAN/utilities -I../../../../../../../Middlewares/ST/STM32_WPAN/ble -I../../../../../../../Drivers/CMSIS/Include -O0 -ffunction-sections -fdata-sections -Wall -fstack-usage -fcyclomatic-complexity -MMD -MP -MF"Middlewares/STM32_WPAN/tl_mbox.d" -MT"Middlewares/STM32_WPAN/tl_mbox.o" --specs=nano.specs -mfpu=fpv4-sp-d16 -mfloat-abi=hard -mthumb -o "Middlewares/STM32_WPAN/tl_mbox.o"
arm-none-eabi-gcc "C:/Users/alexa/STM32Cube/Repository/STM32Cube_FW_WB_V1.17.0/Projects/P-NUCLEO-WB55.Nucleo/Applications/BLE/BLE_HeartRate/STM32_WPAN/Target/hw_ipcc.c" -mcpu=cortex-m4 -std=gnu11 -g3 -DUSE_HAL_DRIVER -DUSE_STM32WBXX_NUCLEO -DDEBUG -DSTM32WB55xx -c -I../../Core/Inc -I../../../../../../../Utilities/lpm/tiny_lpm -I../../../../../../../Middlewares/ST/STM32_WPAN/interface/patterns/ble_thread/shci -I../../../../../../../Utilities/sequencer -I../../../../../../../Drivers/CMSIS/Device/ST/STM32WBxx/Include -I../../../../../../../Middlewares/ST/STM32_WPAN/interface/patterns/ble_thread -I../../../../../../../Middlewares/ST/STM32_WPAN/interface/patterns/ble_thread/tl -I../../STM32_WPAN/App -I../../../../../../../Middlewares/ST/STM32_WPAN/ble/core -I../../../../../../../Middlewares/ST/STM32_WPAN -I../../../../../../../Middlewares/ST/STM32_WPAN/ble/core/template -I../../../../../../../Drivers/BSP/P-NUCLEO-WB55.Nucleo -I../../../../../../../Drivers/STM32WBxx_HAL_Driver/Inc/Legacy -I../../../../../../../Drivers/STM32WBxx_HAL_Driver/Inc -I../../../../../../../Middlewares/ST/STM32_WPAN/utilities -I../../../../../../../Middlewares/ST/STM32_WPAN/ble -I../../../../../../../Drivers/CMSIS/Include -O0 -ffunction-sections -fdata-sections -Wall -fstack-usage -fcyclomatic-complexity -MMD -MP -MF"Application/User/STM32_WPAN/Target/hw_ipcc.d" -MT"Application/User/STM32_WPAN/Target/hw_ipcc.o" --specs=nano.specs -mfpu=fpv4-sp-d16 -mfloat-abi=hard -mthumb -o "Application/User/STM32_WPAN/Target/hw_ipcc.o"
arm-none-eabi-gcc "C:/Users/alexa/STM32Cube/Repository/STM32Cube_FW_WB_V1.17.0/Projects/P-NUCLEO-WB55.Nucleo/Applications/BLE/BLE_HeartRate/STM32_WPAN/App/app_ble.c" -mcpu=cortex-m4 -std=gnu11 -g3 -DUSE_HAL_DRIVER -DUSE_STM32WBXX_NUCLEO -DDEBUG -DSTM32WB55xx -c -I../../Core/Inc -I../../../../../../../Utilities/lpm/tiny_lpm -I../../../../../../../Middlewares/ST/STM32_WPAN/interface/patterns/ble_thread/shci -I../../../../../../../Utilities/sequencer -I../../../../../../../Drivers/CMSIS/Device/ST/STM32WBxx/Include -I../../../../../../../Middlewares/ST/STM32_WPAN/interface/patterns/ble_thread -I../../../../../../../Middlewares/ST/STM32_WPAN/interface/patterns/ble_thread/tl -I../../STM32_WPAN/App -I../../../../../../../Middlewares/ST/STM32_WPAN/ble/core -I../../../../../../../Middlewares/ST/STM32_WPAN -I../../../../../../../Middlewares/ST/STM32_WPAN/ble/core/template -I../../../../../../../Drivers/BSP/P-NUCLEO-WB55.Nucleo -I../../../../../../../Drivers/STM32WBxx_HAL_Driver/Inc/Legacy -I../../../../../../../Drivers/STM32WBxx_HAL_Driver/Inc -I../../../../../../../Middlewares/ST/STM32_WPAN/utilities -I../../../../../../../Middlewares/ST/STM32_WPAN/ble -I../../../../../../../Drivers/CMSIS/Include -O0 -ffunction-sections -fdata-sections -Wall -fstack-usage -fcyclomatic-complexity -MMD -MP -MF"Application/User/STM32_WPAN/App/app_ble.d" -MT"Application/User/STM32_WPAN/App/app_ble.o" --specs=nano.specs -mfpu=fpv4-sp-d16 -mfloat-abi=hard -mthumb -o "Application/User/STM32_WPAN/App/app_ble.o"
arm-none-eabi-gcc "C:/Users/alexa/STM32Cube/Repository/STM32Cube_FW_WB_V1.17.0/Projects/P-NUCLEO-WB55.Nucleo/Applications/BLE/BLE_HeartRate/STM32_WPAN/App/dis_app.c" -mcpu=cortex-m4 -std=gnu11 -g3 -DUSE_HAL_DRIVER -DUSE_STM32WBXX_NUCLEO -DDEBUG -DSTM32WB55xx -c -I../../Core/Inc -I../../../../../../../Utilities/lpm/tiny_lpm -I../../../../../../../Middlewares/ST/STM32_WPAN/interface/patterns/ble_thread/shci -I../../../../../../../Utilities/sequencer -I../../../../../../../Drivers/CMSIS/Device/ST/STM32WBxx/Include -I../../../../../../../Middlewares/ST/STM32_WPAN/interface/patterns/ble_thread -I../../../../../../../Middlewares/ST/STM32_WPAN/interface/patterns/ble_thread/tl -I../../STM32_WPAN/App -I../../../../../../../Middlewares/ST/STM32_WPAN/ble/core -I../../../../../../../Middlewares/ST/STM32_WPAN -I../../../../../../../Middlewares/ST/STM32_WPAN/ble/core/template -I../../../../../../../Drivers/BSP/P-NUCLEO-WB55.Nucleo -I../../../../../../../Drivers/STM32WBxx_HAL_Driver/Inc/Legacy -I../../../../../../../Drivers/STM32WBxx_HAL_Driver/Inc -I../../../../../../../Middlewares/ST/STM32_WPAN/utilities -I../../../../../../../Middlewares/ST/STM32_WPAN/ble -I../../../../../../../Drivers/CMSIS/Include -O0 -ffunction-sections -fdata-sections -Wall -fstack-usage -fcyclomatic-complexity -MMD -MP -MF"Application/User/STM32_WPAN/App/dis_app.d" -MT"Application/User/STM32_WPAN/App/dis_app.o" --specs=nano.specs -mfpu=fpv4-sp-d16 -mfloat-abi=hard -mthumb -o "Application/User/STM32_WPAN/App/dis_app.o"
arm-none-eabi-gcc "C:/Users/alexa/STM32Cube/Repository/STM32Cube_FW_WB_V1.17.0/Projects/P-NUCLEO-WB55.Nucleo/Applications/BLE/BLE_HeartRate/STM32_WPAN/App/hrs_app.c" -mcpu=cortex-m4 -std=gnu11 -g3 -DUSE_HAL_DRIVER -DUSE_STM32WBXX_NUCLEO -DDEBUG -DSTM32WB55xx -c -I../../Core/Inc -I../../../../../../../Utilities/lpm/tiny_lpm -I../../../../../../../Middlewares/ST/STM32_WPAN/interface/patterns/ble_thread/shci -I../../../../../../../Utilities/sequencer -I../../../../../../../Drivers/CMSIS/Device/ST/STM32WBxx/Include -I../../../../../../../Middlewares/ST/STM32_WPAN/interface/patterns/ble_thread -I../../../../../../../Middlewares/ST/STM32_WPAN/interface/patterns/ble_thread/tl -I../../STM32_WPAN/App -I../../../../../../../Middlewares/ST/STM32_WPAN/ble/core -I../../../../../../../Middlewares/ST/STM32_WPAN -I../../../../../../../Middlewares/ST/STM32_WPAN/ble/core/template -I../../../../../../../Drivers/BSP/P-NUCLEO-WB55.Nucleo -I../../../../../../../Drivers/STM32WBxx_HAL_Driver/Inc/Legacy -I../../../../../../../Drivers/STM32WBxx_HAL_Driver/Inc -I../../../../../../../Middlewares/ST/STM32_WPAN/utilities -I../../../../../../../Middlewares/ST/STM32_WPAN/ble -I../../../../../../../Drivers/CMSIS/Include -O0 -ffunction-sections -fdata-sections -Wall -fstack-usage -fcyclomatic-complexity -MMD -MP -MF"Application/User/STM32_WPAN/App/hrs_app.d" -MT"Application/User/STM32_WPAN/App/hrs_app.o" --specs=nano.specs -mfpu=fpv4-sp-d16 -mfloat-abi=hard -mthumb -o "Application/User/STM32_WPAN/App/hrs_app.o"
arm-none-eabi-gcc "C:/Users/alexa/STM32Cube/Repository/STM32Cube_FW_WB_V1.17.0/Projects/P-NUCLEO-WB55.Nucleo/Applications/BLE/BLE_HeartRate/Core/Src/app_debug.c" -mcpu=cortex-m4 -std=gnu11 -g3 -DUSE_HAL_DRIVER -DUSE_STM32WBXX_NUCLEO -DDEBUG -DSTM32WB55xx -c -I../../Core/Inc -I../../../../../../../Utilities/lpm/tiny_lpm -I../../../../../../../Middlewares/ST/STM32_WPAN/interface/patterns/ble_thread/shci -I../../../../../../../Utilities/sequencer -I../../../../../../../Drivers/CMSIS/Device/ST/STM32WBxx/Include -I../../../../../../../Middlewares/ST/STM32_WPAN/interface/patterns/ble_thread -I../../../../../../../Middlewares/ST/STM32_WPAN/interface/patterns/ble_thread/tl -I../../STM32_WPAN/App -I../../../../../../../Middlewares/ST/STM32_WPAN/ble/core -I../../../../../../../Middlewares/ST/STM32_WPAN -I../../../../../../../Middlewares/ST/STM32_WPAN/ble/core/template -I../../../../../../../Drivers/BSP/P-NUCLEO-WB55.Nucleo -I../../../../../../../Drivers/STM32WBxx_HAL_Driver/Inc/Legacy -I../../../../../../../Drivers/STM32WBxx_HAL_Driver/Inc -I../../../../../../../Middlewares/ST/STM32_WPAN/utilities -I../../../../../../../Middlewares/ST/STM32_WPAN/ble -I../../../../../../../Drivers/CMSIS/Include -O0 -ffunction-sections -fdata-sections -Wall -fstack-usage -fcyclomatic-complexity -MMD -MP -MF"Application/User/Core/app_debug.d" -MT"Application/User/Core/app_debug.o" --specs=nano.specs -mfpu=fpv4-sp-d16 -mfloat-abi=hard -mthumb -o "Application/User/Core/app_debug.o"
arm-none-eabi-gcc "C:/Users/alexa/STM32Cube/Repository/STM32Cube_FW_WB_V1.17.0/Projects/P-NUCLEO-WB55.Nucleo/Applications/BLE/BLE_HeartRate/Core/Src/app_entry.c" -mcpu=cortex-m4 -std=gnu11 -g3 -DUSE_HAL_DRIVER -DUSE_STM32WBXX_NUCLEO -DDEBUG -DSTM32WB55xx -c -I../../Core/Inc -I../../../../../../../Utilities/lpm/tiny_lpm -I../../../../../../../Middlewares/ST/STM32_WPAN/interface/patterns/ble_thread/shci -I../../../../../../../Utilities/sequencer -I../../../../../../../Drivers/CMSIS/Device/ST/STM32WBxx/Include -I../../../../../../../Middlewares/ST/STM32_WPAN/interface/patterns/ble_thread -I../../../../../../../Middlewares/ST/STM32_WPAN/interface/patterns/ble_thread/tl -I../../STM32_WPAN/App -I../../../../../../../Middlewares/ST/STM32_WPAN/ble/core -I../../../../../../../Middlewares/ST/STM32_WPAN -I../../../../../../../Middlewares/ST/STM32_WPAN/ble/core/template -I../../../../../../../Drivers/BSP/P-NUCLEO-WB55.Nucleo -I../../../../../../../Drivers/STM32WBxx_HAL_Driver/Inc/Legacy -I../../../../../../../Drivers/STM32WBxx_HAL_Driver/Inc -I../../../../../../../Middlewares/ST/STM32_WPAN/utilities -I../../../../../../../Middlewares/ST/STM32_WPAN/ble -I../../../../../../../Drivers/CMSIS/Include -O0 -ffunction-sections -fdata-sections -Wall -fstack-usage -fcyclomatic-complexity -MMD -MP -MF"Application/User/Core/app_entry.d" -MT"Application/User/Core/app_entry.o" --specs=nano.specs -mfpu=fpv4-sp-d16 -mfloat-abi=hard -mthumb -o "Application/User/Core/app_entry.o"
arm-none-eabi-gcc "C:/Users/alexa/STM32Cube/Repository/STM32Cube_FW_WB_V1.17.0/Projects/P-NUCLEO-WB55.Nucleo/Applications/BLE/BLE_HeartRate/Core/Src/hw_timerserver.c" -mcpu=cortex-m4 -std=gnu11 -g3 -DUSE_HAL_DRIVER -DUSE_STM32WBXX_NUCLEO -DDEBUG -DSTM32WB55xx -c -I../../Core/Inc -I../../../../../../../Utilities/lpm/tiny_lpm -I../../../../../../../Middlewares/ST/STM32_WPAN/interface/patterns/ble_thread/shci -I../../../../../../../Utilities/sequencer -I../../../../../../../Drivers/CMSIS/Device/ST/STM32WBxx/Include -I../../../../../../../Middlewares/ST/STM32_WPAN/interface/patterns/ble_thread -I../../../../../../../Middlewares/ST/STM32_WPAN/interface/patterns/ble_thread/tl -I../../STM32_WPAN/App -I../../../../../../../Middlewares/ST/STM32_WPAN/ble/core -I../../../../../../../Middlewares/ST/STM32_WPAN -I../../../../../../../Middlewares/ST/STM32_WPAN/ble/core/template -I../../../../../../../Drivers/BSP/P-NUCLEO-WB55.Nucleo -I../../../../../../../Drivers/STM32WBxx_HAL_Driver/Inc/Legacy -I../../../../../../../Drivers/STM32WBxx_HAL_Driver/Inc -I../../../../../../../Middlewares/ST/STM32_WPAN/utilities -I../../../../../../../Middlewares/ST/STM32_WPAN/ble -I../../../../../../../Drivers/CMSIS/Include -O0 -ffunction-sections -fdata-sections -Wall -fstack-usage -fcyclomatic-complexity -MMD -MP -MF"Application/User/Core/hw_timerserver.d" -MT"Application/User/Core/hw_timerserver.o" --specs=nano.specs -mfpu=fpv4-sp-d16 -mfloat-abi=hard -mthumb -o "Application/User/Core/hw_timerserver.o"
arm-none-eabi-gcc "C:/Users/alexa/STM32Cube/Repository/STM32Cube_FW_WB_V1.17.0/Projects/P-NUCLEO-WB55.Nucleo/Applications/BLE/BLE_HeartRate/Core/Src/hw_uart.c" -mcpu=cortex-m4 -std=gnu11 -g3 -DUSE_HAL_DRIVER -DUSE_STM32WBXX_NUCLEO -DDEBUG -DSTM32WB55xx -c -I../../Core/Inc -I../../../../../../../Utilities/lpm/tiny_lpm -I../../../../../../../Middlewares/ST/STM32_WPAN/interface/patterns/ble_thread/shci -I../../../../../../../Utilities/sequencer -I../../../../../../../Drivers/CMSIS/Device/ST/STM32WBxx/Include -I../../../../../../../Middlewares/ST/STM32_WPAN/interface/patterns/ble_thread -I../../../../../../../Middlewares/ST/STM32_WPAN/interface/patterns/ble_thread/tl -I../../STM32_WPAN/App -I../../../../../../../Middlewares/ST/STM32_WPAN/ble/core -I../../../../../../../Middlewares/ST/STM32_WPAN -I../../../../../../../Middlewares/ST/STM32_WPAN/ble/core/template -I../../../../../../../Drivers/BSP/P-NUCLEO-WB55.Nucleo -I../../../../../../../Drivers/STM32WBxx_HAL_Driver/Inc/Legacy -I../../../../../../../Drivers/STM32WBxx_HAL_Driver/Inc -I../../../../../../../Middlewares/ST/STM32_WPAN/utilities -I../../../../../../../Middlewares/ST/STM32_WPAN/ble -I../../../../../../../Drivers/CMSIS/Include -O0 -ffunction-sections -fdata-sections -Wall -fstack-usage -fcyclomatic-complexity -MMD -MP -MF"Application/User/Core/hw_uart.d" -MT"Application/User/Core/hw_uart.o" --specs=nano.specs -mfpu=fpv4-sp-d16 -mfloat-abi=hard -mthumb -o "Application/User/Core/hw_uart.o"
arm-none-eabi-gcc "C:/Users/alexa/STM32Cube/Repository/STM32Cube_FW_WB_V1.17.0/Projects/P-NUCLEO-WB55.Nucleo/Applications/BLE/BLE_HeartRate/Core/Src/main.c" -mcpu=cortex-m4 -std=gnu11 -g3 -DUSE_HAL_DRIVER -DUSE_STM32WBXX_NUCLEO -DDEBUG -DSTM32WB55xx -c -I../../Core/Inc -I../../../../../../../Utilities/lpm/tiny_lpm -I../../../../../../../Middlewares/ST/STM32_WPAN/interface/patterns/ble_thread/shci -I../../../../../../../Utilities/sequencer -I../../../../../../../Drivers/CMSIS/Device/ST/STM32WBxx/Include -I../../../../../../../Middlewares/ST/STM32_WPAN/interface/patterns/ble_thread -I../../../../../../../Middlewares/ST/STM32_WPAN/interface/patterns/ble_thread/tl -I../../STM32_WPAN/App -I../../../../../../../Middlewares/ST/STM32_WPAN/ble/core -I../../../../../../../Middlewares/ST/STM32_WPAN -I../../../../../../../Middlewares/ST/STM32_WPAN/ble/core/template -I../../../../../../../Drivers/BSP/P-NUCLEO-WB55.Nucleo -I../../../../../../../Drivers/STM32WBxx_HAL_Driver/Inc/Legacy -I../../../../../../../Drivers/STM32WBxx_HAL_Driver/Inc -I../../../../../../../Middlewares/ST/STM32_WPAN/utilities -I../../../../../../../Middlewares/ST/STM32_WPAN/ble -I../../../../../../../Drivers/CMSIS/Include -O0 -ffunction-sections -fdata-sections -Wall -fstack-usage -fcyclomatic-complexity -MMD -MP -MF"Application/User/Core/main.d" -MT"Application/User/Core/main.o" --specs=nano.specs -mfpu=fpv4-sp-d16 -mfloat-abi=hard -mthumb -o "Application/User/Core/main.o"
arm-none-eabi-gcc "C:/Users/alexa/STM32Cube/Repository/STM32Cube_FW_WB_V1.17.0/Projects/P-NUCLEO-WB55.Nucleo/Applications/BLE/BLE_HeartRate/Core/Src/stm32_lpm_if.c" -mcpu=cortex-m4 -std=gnu11 -g3 -DUSE_HAL_DRIVER -DUSE_STM32WBXX_NUCLEO -DDEBUG -DSTM32WB55xx -c -I../../Core/Inc -I../../../../../../../Utilities/lpm/tiny_lpm -I../../../../../../../Middlewares/ST/STM32_WPAN/interface/patterns/ble_thread/shci -I../../../../../../../Utilities/sequencer -I../../../../../../../Drivers/CMSIS/Device/ST/STM32WBxx/Include -I../../../../../../../Middlewares/ST/STM32_WPAN/interface/patterns/ble_thread -I../../../../../../../Middlewares/ST/STM32_WPAN/interface/patterns/ble_thread/tl -I../../STM32_WPAN/App -I../../../../../../../Middlewares/ST/STM32_WPAN/ble/core -I../../../../../../../Middlewares/ST/STM32_WPAN -I../../../../../../../Middlewares/ST/STM32_WPAN/ble/core/template -I../../../../../../../Drivers/BSP/P-NUCLEO-WB55.Nucleo -I../../../../../../../Drivers/STM32WBxx_HAL_Driver/Inc/Legacy -I../../../../../../../Drivers/STM32WBxx_HAL_Driver/Inc -I../../../../../../../Middlewares/ST/STM32_WPAN/utilities -I../../../../../../../Middlewares/ST/STM32_WPAN/ble -I../../../../../../../Drivers/CMSIS/Include -O0 -ffunction-sections -fdata-sections -Wall -fstack-usage -fcyclomatic-complexity -MMD -MP -MF"Application/User/Core/stm32_lpm_if.d" -MT"Application/User/Core/stm32_lpm_if.o" --specs=nano.specs -mfpu=fpv4-sp-d16 -mfloat-abi=hard -mthumb -o "Application/User/Core/stm32_lpm_if.o"
arm-none-eabi-gcc "C:/Users/alexa/STM32Cube/Repository/STM32Cube_FW_WB_V1.17.0/Projects/P-NUCLEO-WB55.Nucleo/Applications/BLE/BLE_HeartRate/Core/Src/stm32wbxx_hal_msp.c" -mcpu=cortex-m4 -std=gnu11 -g3 -DUSE_HAL_DRIVER -DUSE_STM32WBXX_NUCLEO -DDEBUG -DSTM32WB55xx -c -I../../Core/Inc -I../../../../../../../Utilities/lpm/tiny_lpm -I../../../../../../../Middlewares/ST/STM32_WPAN/interface/patterns/ble_thread/shci -I../../../../../../../Utilities/sequencer -I../../../../../../../Drivers/CMSIS/Device/ST/STM32WBxx/Include -I../../../../../../../Middlewares/ST/STM32_WPAN/interface/patterns/ble_thread -I../../../../../../../Middlewares/ST/STM32_WPAN/interface/patterns/ble_thread/tl -I../../STM32_WPAN/App -I../../../../../../../Middlewares/ST/STM32_WPAN/ble/core -I../../../../../../../Middlewares/ST/STM32_WPAN -I../../../../../../../Middlewares/ST/STM32_WPAN/ble/core/template -I../../../../../../../Drivers/BSP/P-NUCLEO-WB55.Nucleo -I../../../../../../../Drivers/STM32WBxx_HAL_Driver/Inc/Legacy -I../../../../../../../Drivers/STM32WBxx_HAL_Driver/Inc -I../../../../../../../Middlewares/ST/STM32_WPAN/utilities -I../../../../../../../Middlewares/ST/STM32_WPAN/ble -I../../../../../../../Drivers/CMSIS/Include -O0 -ffunction-sections -fdata-sections -Wall -fstack-usage -fcyclomatic-complexity -MMD -MP -MF"Application/User/Core/stm32wbxx_hal_msp.d" -MT"Application/User/Core/stm32wbxx_hal_msp.o" --specs=nano.specs -mfpu=fpv4-sp-d16 -mfloat-abi=hard -mthumb -o "Application/User/Core/stm32wbxx_hal_msp.o"
arm-none-eabi-gcc "C:/Users/alexa/STM32Cube/Repository/STM32Cube_FW_WB_V1.17.0/Projects/P-NUCLEO-WB55.Nucleo/Applications/BLE/BLE_HeartRate/Core/Src/stm32wbxx_it.c" -mcpu=cortex-m4 -std=gnu11 -g3 -DUSE_HAL_DRIVER -DUSE_STM32WBXX_NUCLEO -DDEBUG -DSTM32WB55xx -c -I../../Core/Inc -I../../../../../../../Utilities/lpm/tiny_lpm -I../../../../../../../Middlewares/ST/STM32_WPAN/interface/patterns/ble_thread/shci -I../../../../../../../Utilities/sequencer -I../../../../../../../Drivers/CMSIS/Device/ST/STM32WBxx/Include -I../../../../../../../Middlewares/ST/STM32_WPAN/interface/patterns/ble_thread -I../../../../../../../Middlewares/ST/STM32_WPAN/interface/patterns/ble_thread/tl -I../../STM32_WPAN/App -I../../../../../../../Middlewares/ST/STM32_WPAN/ble/core -I../../../../../../../Middlewares/ST/STM32_WPAN -I../../../../../../../Middlewares/ST/STM32_WPAN/ble/core/template -I../../../../../../../Drivers/BSP/P-NUCLEO-WB55.Nucleo -I../../../../../../../Drivers/STM32WBxx_HAL_Driver/Inc/Legacy -I../../../../../../../Drivers/STM32WBxx_HAL_Driver/Inc -I../../../../../../../Middlewares/ST/STM32_WPAN/utilities -I../../../../../../../Middlewares/ST/STM32_WPAN/ble -I../../../../../../../Drivers/CMSIS/Include -O0 -ffunction-sections -fdata-sections -Wall -fstack-usage -fcyclomatic-complexity -MMD -MP -MF"Application/User/Core/stm32wbxx_it.d" -MT"Application/User/Core/stm32wbxx_it.o" --specs=nano.specs -mfpu=fpv4-sp-d16 -mfloat-abi=hard -mthumb -o "Application/User/Core/stm32wbxx_it.o"
arm-none-eabi-gcc -o "BLE_HeartRate.elf" @"objects.list"   -mcpu=cortex-m4 -T"C:\Users\alexa\STM32Cube\Repository\STM32Cube_FW_WB_V1.17.0\Projects\P-NUCLEO-WB55.Nucleo\Applications\BLE\BLE_HeartRate\STM32CubeIDE\STM32WB55RGVX_FLASH.ld" --specs=nosys.specs -Wl,-Map="BLE_HeartRate.map" -Wl,--gc-sections -static --specs=nano.specs -mfpu=fpv4-sp-d16 -mfloat-abi=hard -mthumb -u _printf_float -Wl,--start-group -lc -lm -Wl,--end-group
Finished building target: BLE_HeartRate.elf
 
arm-none-eabi-size   BLE_HeartRate.elf 
arm-none-eabi-objdump -h -S  BLE_HeartRate.elf  > "BLE_HeartRate.list"
arm-none-eabi-objcopy  -O ihex  BLE_HeartRate.elf  "BLE_HeartRate.hex"
   text	   data	    bss	    dec	    hex	filename
  56648	    594	   9647	  66889	  10549	BLE_HeartRate.elf
Finished building: default.size.stdout
 
Finished building: BLE_HeartRate.hex
 
Finished building: BLE_HeartRate.list
 
12:03:00 **** Incremental Build of configuration Debug for project BLE_HeartRate ****
make -j12 all 
arm-none-eabi-size   BLE_HeartRate.elf 
   text	   data	    bss	    dec	    hex	filename
  56648	    594	   9647	  66889	  10549	BLE_HeartRate.elf
Finished building: default.size.stdout
 
12:03:38 **** Incremental Build of configuration Debug for project BLE_HeartRate ****
make -j12 all 
arm-none-eabi-size   BLE_HeartRate.elf 
   text	   data	    bss	    dec	    hex	filename
  56648	    594	   9647	  66889	  10549	BLE_HeartRate.elf
Finished building: default.size.stdout
 
12:04:48 **** Incremental Build of configuration Debug for project BLE_HeartRate ****
make -j12 all 
arm-none-eabi-size   BLE_HeartRate.elf 
   text	   data	    bss	    dec	    hex	filename
  56648	    594	   9647	  66889	  10549	BLE_HeartRate.elf
Finished building: default.size.stdout
 
12:06:25 **** Incremental Build of configuration Debug for project STM32WB55_BLE_Custom_Humidity ****
make -j12 all 
arm-none-eabi-size   STM32WB55_BLE_Custom_Humidity.elf 
   text	   data	    bss	    dec	    hex	filename
  45040	   2297	   6703	  54040	   d318	STM32WB55_BLE_Custom_Humidity.elf
Finished building: default.size.stdout
 
15:22:31 **** Incremental Build of configuration Debug for project STM32WB55_BLE_Custom_Humidity ****
make -j12 all 
arm-none-eabi-gcc "../STM32_WPAN/App/app_ble.c" -mcpu=cortex-m4 -std=gnu11 -g3 -DDEBUG -DUSE_HAL_DRIVER -DSTM32WB55xx -c -I../Core/Inc -I../STM32_WPAN/App -I../Drivers/STM32WBxx_HAL_Driver/Inc -I../Drivers/STM32WBxx_HAL_Driver/Inc/Legacy -I../Utilities/lpm/tiny_lpm -I../Middlewares/ST/STM32_WPAN -I../Middlewares/ST/STM32_WPAN/interface/patterns/ble_thread -I../Middlewares/ST/STM32_WPAN/interface/patterns/ble_thread/tl -I../Middlewares/ST/STM32_WPAN/interface/patterns/ble_thread/shci -I../Middlewares/ST/STM32_WPAN/utilities -I../Middlewares/ST/STM32_WPAN/ble/core -I../Middlewares/ST/STM32_WPAN/ble/core/auto -I../Middlewares/ST/STM32_WPAN/ble/core/template -I../Middlewares/ST/STM32_WPAN/ble/svc/Inc -I../Middlewares/ST/STM32_WPAN/ble/svc/Src -I../Drivers/CMSIS/Device/ST/STM32WBxx/Include -I../Utilities/sequencer -I../Middlewares/ST/STM32_WPAN/ble -I../Drivers/CMSIS/Include -O0 -ffunction-sections -fdata-sections -Wall -fstack-usage -fcyclomatic-complexity -MMD -MP -MF"STM32_WPAN/App/app_ble.d" -MT"STM32_WPAN/App/app_ble.o" --specs=nano.specs -mfpu=fpv4-sp-d16 -mfloat-abi=hard -mthumb -o "STM32_WPAN/App/app_ble.o"
arm-none-eabi-gcc "../STM32_WPAN/App/custom_app.c" -mcpu=cortex-m4 -std=gnu11 -g3 -DDEBUG -DUSE_HAL_DRIVER -DSTM32WB55xx -c -I../Core/Inc -I../STM32_WPAN/App -I../Drivers/STM32WBxx_HAL_Driver/Inc -I../Drivers/STM32WBxx_HAL_Driver/Inc/Legacy -I../Utilities/lpm/tiny_lpm -I../Middlewares/ST/STM32_WPAN -I../Middlewares/ST/STM32_WPAN/interface/patterns/ble_thread -I../Middlewares/ST/STM32_WPAN/interface/patterns/ble_thread/tl -I../Middlewares/ST/STM32_WPAN/interface/patterns/ble_thread/shci -I../Middlewares/ST/STM32_WPAN/utilities -I../Middlewares/ST/STM32_WPAN/ble/core -I../Middlewares/ST/STM32_WPAN/ble/core/auto -I../Middlewares/ST/STM32_WPAN/ble/core/template -I../Middlewares/ST/STM32_WPAN/ble/svc/Inc -I../Middlewares/ST/STM32_WPAN/ble/svc/Src -I../Drivers/CMSIS/Device/ST/STM32WBxx/Include -I../Utilities/sequencer -I../Middlewares/ST/STM32_WPAN/ble -I../Drivers/CMSIS/Include -O0 -ffunction-sections -fdata-sections -Wall -fstack-usage -fcyclomatic-complexity -MMD -MP -MF"STM32_WPAN/App/custom_app.d" -MT"STM32_WPAN/App/custom_app.o" --specs=nano.specs -mfpu=fpv4-sp-d16 -mfloat-abi=hard -mthumb -o "STM32_WPAN/App/custom_app.o"
arm-none-eabi-gcc "../STM32_WPAN/App/custom_stm.c" -mcpu=cortex-m4 -std=gnu11 -g3 -DDEBUG -DUSE_HAL_DRIVER -DSTM32WB55xx -c -I../Core/Inc -I../STM32_WPAN/App -I../Drivers/STM32WBxx_HAL_Driver/Inc -I../Drivers/STM32WBxx_HAL_Driver/Inc/Legacy -I../Utilities/lpm/tiny_lpm -I../Middlewares/ST/STM32_WPAN -I../Middlewares/ST/STM32_WPAN/interface/patterns/ble_thread -I../Middlewares/ST/STM32_WPAN/interface/patterns/ble_thread/tl -I../Middlewares/ST/STM32_WPAN/interface/patterns/ble_thread/shci -I../Middlewares/ST/STM32_WPAN/utilities -I../Middlewares/ST/STM32_WPAN/ble/core -I../Middlewares/ST/STM32_WPAN/ble/core/auto -I../Middlewares/ST/STM32_WPAN/ble/core/template -I../Middlewares/ST/STM32_WPAN/ble/svc/Inc -I../Middlewares/ST/STM32_WPAN/ble/svc/Src -I../Drivers/CMSIS/Device/ST/STM32WBxx/Include -I../Utilities/sequencer -I../Middlewares/ST/STM32_WPAN/ble -I../Drivers/CMSIS/Include -O0 -ffunction-sections -fdata-sections -Wall -fstack-usage -fcyclomatic-complexity -MMD -MP -MF"STM32_WPAN/App/custom_stm.d" -MT"STM32_WPAN/App/custom_stm.o" --specs=nano.specs -mfpu=fpv4-sp-d16 -mfloat-abi=hard -mthumb -o "STM32_WPAN/App/custom_stm.o"
arm-none-eabi-gcc "../Core/Src/main.c" -mcpu=cortex-m4 -std=gnu11 -g3 -DDEBUG -DUSE_HAL_DRIVER -DSTM32WB55xx -c -I../Core/Inc -I../STM32_WPAN/App -I../Drivers/STM32WBxx_HAL_Driver/Inc -I../Drivers/STM32WBxx_HAL_Driver/Inc/Legacy -I../Utilities/lpm/tiny_lpm -I../Middlewares/ST/STM32_WPAN -I../Middlewares/ST/STM32_WPAN/interface/patterns/ble_thread -I../Middlewares/ST/STM32_WPAN/interface/patterns/ble_thread/tl -I../Middlewares/ST/STM32_WPAN/interface/patterns/ble_thread/shci -I../Middlewares/ST/STM32_WPAN/utilities -I../Middlewares/ST/STM32_WPAN/ble/core -I../Middlewares/ST/STM32_WPAN/ble/core/auto -I../Middlewares/ST/STM32_WPAN/ble/core/template -I../Middlewares/ST/STM32_WPAN/ble/svc/Inc -I../Middlewares/ST/STM32_WPAN/ble/svc/Src -I../Drivers/CMSIS/Device/ST/STM32WBxx/Include -I../Utilities/sequencer -I../Middlewares/ST/STM32_WPAN/ble -I../Drivers/CMSIS/Include -O0 -ffunction-sections -fdata-sections -Wall -fstack-usage -fcyclomatic-complexity -MMD -MP -MF"Core/Src/main.d" -MT"Core/Src/main.o" --specs=nano.specs -mfpu=fpv4-sp-d16 -mfloat-abi=hard -mthumb -o "Core/Src/main.o"
../Core/Src/main.c: In function 'main':
../Core/Src/main.c:122:3: warning: implicit declaration of function 'initBuffer' [-Wimplicit-function-declaration]
  122 |   initBuffer();
      |   ^~~~~~~~~~
../STM32_WPAN/App/custom_app.c: In function 'Humidity_Measurement':
../STM32_WPAN/App/custom_app.c:191:17: warning: implicit declaration of function 'getHumidity' [-Wimplicit-function-declaration]
  191 |   measurement = getHumidity();
      |                 ^~~~~~~~~~~
arm-none-eabi-gcc -o "STM32WB55_BLE_Custom_Humidity.elf" @"objects.list"   -mcpu=cortex-m4 -T"C:\Users\alexa\Projects\Plant_Monitor\Software\STM32WB55RG\STM32WB55_BLE_Custom_Humidity\STM32WB55_BLE_Custom_Humidity\STM32WB55RGVX_FLASH.ld" --specs=nosys.specs -Wl,-Map="STM32WB55_BLE_Custom_Humidity.map" -Wl,--gc-sections -static --specs=nano.specs -mfpu=fpv4-sp-d16 -mfloat-abi=hard -mthumb -Wl,--start-group -lc -lm -Wl,--end-group
Finished building target: STM32WB55_BLE_Custom_Humidity.elf
 
arm-none-eabi-size   STM32WB55_BLE_Custom_Humidity.elf 
arm-none-eabi-objdump -h -S  STM32WB55_BLE_Custom_Humidity.elf  > "STM32WB55_BLE_Custom_Humidity.list"
   text	   data	    bss	    dec	    hex	filename
  44984	   2297	   6703	  53984	   d2e0	STM32WB55_BLE_Custom_Humidity.elf
Finished building: default.size.stdout
 
Finished building: STM32WB55_BLE_Custom_Humidity.list
 
16:26:43 **** Incremental Build of configuration Debug for project STM32WB55_BLE_Custom_Humidity ****
make -j12 all 
arm-none-eabi-gcc "../STM32_WPAN/App/app_ble.c" -mcpu=cortex-m4 -std=gnu11 -g3 -DDEBUG -DUSE_HAL_DRIVER -DSTM32WB55xx -c -I../Core/Inc -I../STM32_WPAN/App -I../Drivers/STM32WBxx_HAL_Driver/Inc -I../Drivers/STM32WBxx_HAL_Driver/Inc/Legacy -I../Utilities/lpm/tiny_lpm -I../Middlewares/ST/STM32_WPAN -I../Middlewares/ST/STM32_WPAN/interface/patterns/ble_thread -I../Middlewares/ST/STM32_WPAN/interface/patterns/ble_thread/tl -I../Middlewares/ST/STM32_WPAN/interface/patterns/ble_thread/shci -I../Middlewares/ST/STM32_WPAN/utilities -I../Middlewares/ST/STM32_WPAN/ble/core -I../Middlewares/ST/STM32_WPAN/ble/core/auto -I../Middlewares/ST/STM32_WPAN/ble/core/template -I../Middlewares/ST/STM32_WPAN/ble/svc/Inc -I../Middlewares/ST/STM32_WPAN/ble/svc/Src -I../Drivers/CMSIS/Device/ST/STM32WBxx/Include -I../Utilities/sequencer -I../Middlewares/ST/STM32_WPAN/ble -I../Drivers/CMSIS/Include -O0 -ffunction-sections -fdata-sections -Wall -fstack-usage -fcyclomatic-complexity -MMD -MP -MF"STM32_WPAN/App/app_ble.d" -MT"STM32_WPAN/App/app_ble.o" --specs=nano.specs -mfpu=fpv4-sp-d16 -mfloat-abi=hard -mthumb -o "STM32_WPAN/App/app_ble.o"
arm-none-eabi-gcc -o "STM32WB55_BLE_Custom_Humidity.elf" @"objects.list"   -mcpu=cortex-m4 -T"C:\Users\alexa\Projects\Plant_Monitor\Software\STM32WB55RG\STM32WB55_BLE_Custom_Humidity\STM32WB55_BLE_Custom_Humidity\STM32WB55RGVX_FLASH.ld" --specs=nosys.specs -Wl,-Map="STM32WB55_BLE_Custom_Humidity.map" -Wl,--gc-sections -static --specs=nano.specs -mfpu=fpv4-sp-d16 -mfloat-abi=hard -mthumb -Wl,--start-group -lc -lm -Wl,--end-group
Finished building target: STM32WB55_BLE_Custom_Humidity.elf
 
arm-none-eabi-size   STM32WB55_BLE_Custom_Humidity.elf 
arm-none-eabi-objdump -h -S  STM32WB55_BLE_Custom_Humidity.elf  > "STM32WB55_BLE_Custom_Humidity.list"
   text	   data	    bss	    dec	    hex	filename
  44984	   2301	   6707	  53992	   d2e8	STM32WB55_BLE_Custom_Humidity.elf
Finished building: default.size.stdout
 
Finished building: STM32WB55_BLE_Custom_Humidity.list
 
