14:54:20 **** Incremental Build of configuration Debug for project I2CSlave ****
make -j12 all 
arm-none-eabi-gcc "../Core/Src/main.c" -mcpu=cortex-m4 -std=gnu11 -g3 -DDEBUG -DUSE_HAL_DRIVER -DSTM32WB55xx -c -I../Core/Inc -I../Drivers/STM32WBxx_HAL_Driver/Inc -I../Drivers/STM32WBxx_HAL_Driver/Inc/Legacy -I../Drivers/CMSIS/Device/ST/STM32WBxx/Include -I../Drivers/CMSIS/Include -O0 -ffunction-sections -fdata-sections -Wall -fstack-usage -fcyclomatic-complexity -MMD -MP -MF"Core/Src/main.d" -MT"Core/Src/main.o" --specs=nano.specs -mfpu=fpv4-sp-d16 -mfloat-abi=hard -mthumb -o "Core/Src/main.o"
arm-none-eabi-gcc -o "I2CSlave.elf" @"objects.list"   -mcpu=cortex-m4 -T"C:\Users\alexa\Projects\Plant_Monitor\Software\STM32WB55RG\I2CSlave\STM32WB55RGVX_FLASH.ld" --specs=nosys.specs -Wl,-Map="I2CSlave.map" -Wl,--gc-sections -static --specs=nano.specs -mfpu=fpv4-sp-d16 -mfloat-abi=hard -mthumb -Wl,--start-group -lc -lm -Wl,--end-group
Finished building target: I2CSlave.elf
 
arm-none-eabi-size   I2CSlave.elf 
arm-none-eabi-objdump -h -S  I2CSlave.elf  > "I2CSlave.list"
   text	   data	    bss	    dec	    hex	filename
  17964	     20	   2564	  20548	   5044	I2CSlave.elf
Finished building: default.size.stdout
 
Finished building: I2CSlave.list
 

14:54:21 Build Finished. 0 errors, 0 warnings. (took 874ms)

