16:26:43 **** Incremental Build of configuration Debug for project STM32WB55_BLE_Custom_Humidity ****
make -j12 all 
arm-none-eabi-gcc "../STM32_WPAN/App/app_ble.c" -mcpu=cortex-m4 -std=gnu11 -g3 -DDEBUG -DUSE_HAL_DRIVER -DSTM32WB55xx -c -I../Core/Inc -I../STM32_WPAN/App -I../Drivers/STM32WBxx_HAL_Driver/Inc -I../Drivers/STM32WBxx_HAL_Driver/Inc/Legacy -I../Utilities/lpm/tiny_lpm -I../Middlewares/ST/STM32_WPAN -I../Middlewares/ST/STM32_WPAN/interface/patterns/ble_thread -I../Middlewares/ST/STM32_WPAN/interface/patterns/ble_thread/tl -I../Middlewares/ST/STM32_WPAN/interface/patterns/ble_thread/shci -I../Middlewares/ST/STM32_WPAN/utilities -I../Middlewares/ST/STM32_WPAN/ble/core -I../Middlewares/ST/STM32_WPAN/ble/core/auto -I../Middlewares/ST/STM32_WPAN/ble/core/template -I../Middlewares/ST/STM32_WPAN/ble/svc/Inc -I../Middlewares/ST/STM32_WPAN/ble/svc/Src -I../Drivers/CMSIS/Device/ST/STM32WBxx/Include -I../Utilities/sequencer -I../Middlewares/ST/STM32_WPAN/ble -I../Drivers/CMSIS/Include -O0 -ffunction-sections -fdata-sections -Wall -fstack-usage -fcyclomatic-complexity -MMD -MP -MF"STM32_WPAN/App/app_ble.d" -MT"STM32_WPAN/App/app_ble.o" --specs=nano.specs -mfpu=fpv4-sp-d16 -mfloat-abi=hard -mthumb -o "STM32_WPAN/App/app_ble.o"
arm-none-eabi-gcc -o "STM32WB55_BLE_Custom_Humidity.elf" @"objects.list"   -mcpu=cortex-m4 -T"C:\Users\alexa\Projects\Plant_Monitor\Software\STM32WB55RG\STM32WB55_BLE_Custom_Humidity\STM32WB55_BLE_Custom_Humidity\STM32WB55RGVX_FLASH.ld" --specs=nosys.specs -Wl,-Map="STM32WB55_BLE_Custom_Humidity.map" -Wl,--gc-sections -static --specs=nano.specs -mfpu=fpv4-sp-d16 -mfloat-abi=hard -mthumb -Wl,--start-group -lc -lm -Wl,--end-group
Finished building target: STM32WB55_BLE_Custom_Humidity.elf
 
arm-none-eabi-size   STM32WB55_BLE_Custom_Humidity.elf 
arm-none-eabi-objdump -h -S  STM32WB55_BLE_Custom_Humidity.elf  > "STM32WB55_BLE_Custom_Humidity.list"
   text	   data	    bss	    dec	    hex	filename
  44984	   2301	   6707	  53992	   d2e8	STM32WB55_BLE_Custom_Humidity.elf
Finished building: default.size.stdout
 
Finished building: STM32WB55_BLE_Custom_Humidity.list
 

16:26:45 Build Finished. 0 errors, 0 warnings. (took 2s.301ms)

