C:/Users/alexa/Documents/STM32/NUCLEO-WB55RG/en.stm32cubewb-v1-16-0/STM32Cube_FW_WB_V1.16.0/Drivers/STM32WBxx_HAL_Driver/Inc/stm32wbxx_ll_system.h:2223:26:LL_FLASH_GetUDN	4	static
C:/Users/alexa/Documents/STM32/NUCLEO-WB55RG/en.stm32cubewb-v1-16-0/STM32Cube_FW_WB_V1.16.0/Drivers/STM32WBxx_HAL_Driver/Inc/stm32wbxx_ll_system.h:2235:26:LL_FLASH_GetDeviceID	4	static
C:/Users/alexa/Documents/STM32/NUCLEO-WB55RG/en.stm32cubewb-v1-16-0/STM32Cube_FW_WB_V1.16.0/Drivers/STM32WBxx_HAL_Driver/Inc/stm32wbxx_ll_system.h:2247:26:LL_FLASH_GetSTCompanyID	4	static
C:/Users/alexa/Projects/Plant_Monitor/Software/STM32WB55RG/BLE_PlantMonitor/STM32_WPAN/App/app_ble.c:270:6:APP_BLE_Init	80	static
C:/Users/alexa/Projects/Plant_Monitor/Software/STM32WB55RG/BLE_PlantMonitor/STM32_WPAN/App/app_ble.c:414:28:SVCCTL_App_Notification	56	static
C:/Users/alexa/Projects/Plant_Monitor/Software/STM32WB55RG/BLE_PlantMonitor/STM32_WPAN/App/app_ble.c:697:22:APP_BLE_Get_Server_Connection_Status	4	static
C:/Users/alexa/Projects/Plant_Monitor/Software/STM32WB55RG/BLE_PlantMonitor/STM32_WPAN/App/app_ble.c:703:6:APP_BLE_Key_Button1_Action	16	static
C:/Users/alexa/Projects/Plant_Monitor/Software/STM32WB55RG/BLE_PlantMonitor/STM32_WPAN/App/app_ble.c:718:6:APP_BLE_Key_Button2_Action	16	static
C:/Users/alexa/Projects/Plant_Monitor/Software/STM32WB55RG/BLE_PlantMonitor/STM32_WPAN/App/app_ble.c:734:6:APP_BLE_Key_Button3_Action	24	static
C:/Users/alexa/Projects/Plant_Monitor/Software/STM32WB55RG/BLE_PlantMonitor/STM32_WPAN/App/app_ble.c:784:13:Ble_Tl_Init	16	static
C:/Users/alexa/Projects/Plant_Monitor/Software/STM32WB55RG/BLE_PlantMonitor/STM32_WPAN/App/app_ble.c:795:13:Ble_Hci_Gap_Gatt_Init	72	static
C:/Users/alexa/Projects/Plant_Monitor/Software/STM32WB55RG/BLE_PlantMonitor/STM32_WPAN/App/app_ble.c:1108:13:Adv_Request	56	static
C:/Users/alexa/Projects/Plant_Monitor/Software/STM32WB55RG/BLE_PlantMonitor/STM32_WPAN/App/app_ble.c:1198:16:BleGetBdAddress	32	static
C:/Users/alexa/Projects/Plant_Monitor/Software/STM32WB55RG/BLE_PlantMonitor/STM32_WPAN/App/app_ble.c:1255:13:Add_Advertisment_Service_UUID	16	static
C:/Users/alexa/Projects/Plant_Monitor/Software/STM32WB55RG/BLE_PlantMonitor/STM32_WPAN/App/app_ble.c:1267:13:Adv_Mgr	8	static
C:/Users/alexa/Projects/Plant_Monitor/Software/STM32WB55RG/BLE_PlantMonitor/STM32_WPAN/App/app_ble.c:1279:13:Adv_Update	8	static
C:/Users/alexa/Projects/Plant_Monitor/Software/STM32WB55RG/BLE_PlantMonitor/STM32_WPAN/App/app_ble.c:1294:6:hci_notify_asynch_evt	16	static
C:/Users/alexa/Projects/Plant_Monitor/Software/STM32WB55RG/BLE_PlantMonitor/STM32_WPAN/App/app_ble.c:1301:6:hci_cmd_resp_release	16	static
C:/Users/alexa/Projects/Plant_Monitor/Software/STM32WB55RG/BLE_PlantMonitor/STM32_WPAN/App/app_ble.c:1308:6:hci_cmd_resp_wait	16	static
C:/Users/alexa/Projects/Plant_Monitor/Software/STM32WB55RG/BLE_PlantMonitor/STM32_WPAN/App/app_ble.c:1315:13:BLE_UserEvtRx	24	static
C:/Users/alexa/Projects/Plant_Monitor/Software/STM32WB55RG/BLE_PlantMonitor/STM32_WPAN/App/app_ble.c:1335:13:BLE_StatusNot	24	static
C:/Users/alexa/Projects/Plant_Monitor/Software/STM32WB55RG/BLE_PlantMonitor/STM32_WPAN/App/app_ble.c:1374:6:SVCCTL_ResumeUserEventFlow	8	static
